{"pull":["cyberdojofoundation/csharp_nunit","cyberdojofoundation/gcc_assert","cyberdojofoundation/gpp_assert","cyberdojofoundation/java_junit","cyberdojofoundation/python_unittest","cyberdojofoundation/ruby_mini_test","cyberdojofoundation/ruby_test_unit"]}